python : Creating test 
database for alias 
'default'...
At line:1 char:1
+ python manage.py test 
academics.tests > 
test_output.txt 2>&1
+ ~~~~~~~~~~~~~~~~~~~~~~~~~~
~~~~~~~~~~~~~~~~~~~~~~~~~~~~
~~~~~~
    + CategoryInfo          
    : NotSpecified: (Creat  
  ing test d...as 'defaul   
 t'...:String) [], Remot    
eException
    + FullyQualifiedErrorId 
    : NativeCommandError
 

EF
============================
============================
==============
ERROR: 
test_grade_locking_workflow 
(academics.tests.GradeWorkfl
owTests.test_grade_locking_w
orkflow)
----------------------------
----------------------------
--------------
Traceback (most recent call 
last):
  File "D:\Root\Lms\backend\
academics\tests.py", line 
47, in 
test_grade_locking_workflow
    response = 
self.client.post(url_grade, 
data)
  File "C:\Users\LENOVO\AppD
ata\Local\Programs\Python\Py
thon314\Lib\site-packages\re
st_framework\test.py", line 
299, in post
    response = super().post(
        path, data=data, 
format=format, 
content_type=content_type, 
**extra)
  File "C:\Users\LENOVO\AppD
ata\Local\Programs\Python\Py
thon314\Lib\site-packages\re
st_framework\test.py", line 
213, in post
    return 
self.generic('POST', path, 
data, content_type, **extra)
           ~~~~~~~~~~~~^^^^^
^^^^^^^^^^^^^^^^^^^^^^^^^^^^
^^^^^^^^^^
  File "C:\Users\LENOVO\AppD
ata\Local\Programs\Python\Py
thon314\Lib\site-packages\re
st_framework\test.py", line 
237, in generic
    return super().generic(
           ~~~~~~~~~~~~~~~^
        method, path, data, 
content_type, secure, 
**extra)
        ^^^^^^^^^^^^^^^^^^^^
^^^^^^^^^^^^^^^^^^^^^^^^^^^^
^^
  File "C:\Users\LENOVO\AppD
ata\Local\Programs\Python\Py
thon314\Lib\site-packages\dj
ango\test\client.py", line 
671, in generic
    return self.request(**r)
           ~~~~~~~~~~~~^^^^^
  File "C:\Users\LENOVO\AppD
ata\Local\Programs\Python\Py
thon314\Lib\site-packages\re
st_framework\test.py", line 
289, in request
    return 
super().request(**kwargs)
           
~~~~~~~~~~~~~~~^^^^^^^^^^
  File "C:\Users\LENOVO\AppD
ata\Local\Programs\Python\Py
thon314\Lib\site-packages\re
st_framework\test.py", line 
241, in request
    request = 
super().request(**kwargs)
  File "C:\Users\LENOVO\AppD
ata\Local\Programs\Python\Py
thon314\Lib\site-packages\dj
ango\test\client.py", line 
1087, in request
    self.check_exception(res
ponse)
    ~~~~~~~~~~~~~~~~~~~~^^^^
^^^^^^
  File "C:\Users\LENOVO\AppD
ata\Local\Programs\Python\Py
thon314\Lib\site-packages\dj
ango\test\client.py", line 
802, in check_exception
    raise exc_value
  File "C:\Users\LENOVO\AppD
ata\Local\Programs\Python\Py
thon314\Lib\site-packages\dj
ango\core\handlers\exception
.py", line 55, in inner
    response = 
get_response(request)
  File "C:\Users\LENOVO\AppD
ata\Local\Programs\Python\Py
thon314\Lib\site-packages\dj
ango\core\handlers\base.py",
 line 198, in _get_response
    response = 
wrapped_callback(request, 
*callback_args, 
**callback_kwargs)
  File "C:\Users\LENOVO\AppD
ata\Local\Programs\Python\Py
thon314\Lib\site-packages\dj
ango\views\decorators\csrf.p
y", line 65, in 
_view_wrapper
    return 
view_func(request, *args, 
**kwargs)
  File "C:\Users\LENOVO\AppD
ata\Local\Programs\Python\Py
thon314\Lib\site-packages\re
st_framework\viewsets.py", 
line 125, in view
    return 
self.dispatch(request, 
*args, **kwargs)
           ~~~~~~~~~~~~~^^^^
^^^^^^^^^^^^^^^^^^^^^^
  File "C:\Users\LENOVO\AppD
ata\Local\Programs\Python\Py
thon314\Lib\site-packages\re
st_framework\views.py", 
line 515, in dispatch
    response = 
self.handle_exception(exc)
  File "C:\Users\LENOVO\AppD
ata\Local\Programs\Python\Py
thon314\Lib\site-packages\re
st_framework\views.py", 
line 475, in 
handle_exception
    self.raise_uncaught_exce
ption(exc)
    ~~~~~~~~~~~~~~~~~~~~~~~~
~~~~~^^^^^
  File "C:\Users\LENOVO\AppD
ata\Local\Programs\Python\Py
thon314\Lib\site-packages\re
st_framework\views.py", 
line 486, in 
raise_uncaught_exception
    raise exc
  File "C:\Users\LENOVO\AppD
ata\Local\Programs\Python\Py
thon314\Lib\site-packages\re
st_framework\views.py", 
line 512, in dispatch
    response = 
handler(request, *args, 
**kwargs)
  File "D:\Root\Lms\backend\
academics\views.py", line 
365, in grade
    submission.save()
    ~~~~~~~~~~~~~~~^^
  File "C:\Users\LENOVO\AppD
ata\Local\Programs\Python\Py
thon314\Lib\site-packages\dj
ango\db\models\base.py", 
line 874, in save
    self.save_base(
    ~~~~~~~~~~~~~~^
        using=using,
        ^^^^^^^^^^^^
    ...<2 lines>...
        
update_fields=update_fields,
        
^^^^^^^^^^^^^^^^^^^^^^^^^^^^
    )
    ^
  File "C:\Users\LENOVO\AppD
ata\Local\Programs\Python\Py
thon314\Lib\site-packages\dj
ango\db\models\base.py", 
line 981, in save_base
    post_save.send(
    ~~~~~~~~~~~~~~^
        sender=origin,
        ^^^^^^^^^^^^^^
    ...<4 lines>...
        using=using,
        ^^^^^^^^^^^^
    )
    ^
  File "C:\Users\LENOVO\AppD
ata\Local\Programs\Python\Py
thon314\Lib\site-packages\dj
ango\dispatch\dispatcher.py"
, line 209, in send
    response = 
receiver(signal=self, 
sender=sender, **named)
  File "D:\Root\Lms\backend\
gamification\signals.py", 
line 94, in xp_on_submission
    if instance.grade >= 
100: # Assuming 100 scale 
or check rubric total
       ^^^^^^^^^^^^^^^^^^^^^
TypeError: '>=' not 
supported between instances 
of 'str' and 'int'

============================
============================
==============
FAIL: test_reject_workflow (
academics.tests.GradeWorkflo
wTests.test_reject_workflow)
----------------------------
----------------------------
--------------
Traceback (most recent call 
last):
  File "D:\Root\Lms\backend\
academics\tests.py", line 
104, in test_reject_workflow
    self.assertEqual(respons
e.status_code, 
status.HTTP_200_OK)
    ~~~~~~~~~~~~~~~~^^^^^^^^
^^^^^^^^^^^^^^^^^^^^^^^^^^^^
^^^^^^
AssertionError: 404 != 200

----------------------------
----------------------------
--------------
Ran 2 tests in 4.466s

FAILED (failures=1, 
errors=1)
Destroying test database 
for alias 'default'...

Found 2 test(s).
System check identified no issues (0 silenced).
